../Core/Src/atCommands.c:42:9:eol	24	static
../Core/Src/atCommands.c:52:6:showEnco	112	static
../Core/Src/atCommands.c:74:9:checkOrder	32	static
../Core/Src/atCommands.c:90:9:checkSyntax	24	static
../Core/Src/atCommands.c:104:9:checkOneNumSyntax	24	static
../Core/Src/atCommands.c:119:9:checkMoveSyntax	24	static
../Core/Src/atCommands.c:142:6:splitStr	216	static
../Core/Src/atCommands.c:183:10:setSpeed	24	static
../Core/Src/atCommands.c:195:10:load	24	static
../Core/Src/atCommands.c:215:10:save	2040	static
../Core/Src/atCommands.c:257:10:clearFlash	40	static
../Core/Src/atCommands.c:277:6:printList	2024	static
../Core/Src/atCommands.c:293:10:getNum	24	static
../Core/Src/atCommands.c:315:6:resetPositions	32	static
../Core/Src/atCommands.c:326:9:controlMode	16	static
../Core/Src/atCommands.c:340:6:openGrip	32	static,ignoring_inline_asm
../Core/Src/atCommands.c:358:6:closeGrip	32	static,ignoring_inline_asm
../Core/Src/atCommands.c:375:6:startRobot	16	static
../Core/Src/atCommands.c:383:6:stopRobot	16	static
../Core/Src/atCommands.c:392:6:getPwm	896	static
../Core/Src/atCommands.c:422:6:preHome	480	static,ignoring_inline_asm
