../Core/Src/main.c:154:5:main	1336	static
../Core/Src/main.c:498:6:SystemClock_Config	88	static
../Core/Src/main.c:541:13:MX_ADC1_Init	24	static
../Core/Src/main.c:609:13:MX_SPI3_Init	8	static
../Core/Src/main.c:645:13:MX_TIM1_Init	56	static
../Core/Src/main.c:693:13:MX_TIM2_Init	56	static
../Core/Src/main.c:740:13:MX_TIM3_Init	56	static
../Core/Src/main.c:787:13:MX_TIM4_Init	56	static
../Core/Src/main.c:834:13:MX_TIM5_Init	56	static
../Core/Src/main.c:881:13:MX_TIM8_Init	56	static
../Core/Src/main.c:929:13:MX_TIM10_Init	40	static
../Core/Src/main.c:972:13:MX_TIM11_Init	40	static
../Core/Src/main.c:1015:13:MX_TIM12_Init	40	static
../Core/Src/main.c:1059:13:MX_TIM13_Init	40	static
../Core/Src/main.c:1102:13:MX_TIM14_Init	40	static
../Core/Src/main.c:1145:13:MX_USART2_UART_Init	8	static
../Core/Src/main.c:1174:13:MX_DMA_Init	16	static
../Core/Src/main.c:1198:13:MX_GPIO_Init	48	static
../Core/Src/main.c:1282:1:__io_putchar	16	static
../Core/Src/main.c:1287:1:__io_getchar	4	static
../Core/Src/main.c:1293:6:HAL_UART_RxCpltCallback	40	static,ignoring_inline_asm
../Core/Src/main.c:1432:6:HAL_UART_TxCpltCallback	16	static
../Core/Src/main.c:1441:6:Error_Handler	4	static,ignoring_inline_asm
